Turbo Assembler	 Version 4.0	    01/09/08 16:50:12	    Page 1
sample2.ASM



      1	0000			     .MODEL SMALL
      2	0000			     .STACK 100H
      3	0000			     .DATA
      4	0000  0002		     A DW    2
      5	0002  0005		     B DW    5
      6	0004  ????		     SUM DW  ?
      7
      8	0006			     .CODE
      9	0000			     MAIN    PROC
     10				     ;initialize DS
     11	0000  B8 0000s			     MOV AX,@DATA
     12	0003  8E D8			     MOV DS,AX
     13				     ;add the number
     14	0005  A1 0000r			     MOV AX,A	     ;AX has A
     15	0008  03 06 0002r		     ADD AX,B	     ;AX has A+B
     16	000C  A3 0004r			     MOV SUM,AX	     ;Sum=A+B
     17				     ;exit to DOS
     18	000F  B8 4C00			     MOV AX, 4C00H
     19	0012  CD 21			     INT 21H
     20	0014			     MAIN ENDP
     21				     END MAIN
Turbo Assembler	 Version 4.0	    01/09/08 16:50:12	    Page 2
Symbol Table




Symbol Name			  Type	 Value

??DATE				  Text	 "01/09/08"
??FILENAME			  Text	 "sample2 "
??TIME				  Text	 "16:50:12"
??VERSION			  Number 0400
@32BIT				  Text	 0
@CODE				  Text	 _TEXT
@CODESIZE			  Text	 0
@CPU				  Text	 0101H
@CURSEG				  Text	 _TEXT
@DATA				  Text	 DGROUP
@DATASIZE			  Text	 0
@FILENAME			  Text	 SAMPLE2
@INTERFACE			  Text	 00H
@MODEL				  Text	 2
@STACK				  Text	 DGROUP
@WORDSIZE			  Text	 2
A				  Word	 DGROUP:0000
B				  Word	 DGROUP:0002
MAIN				  Near	 _TEXT:0000
SUM				  Word	 DGROUP:0004

Groups & Segments		  Bit Size Align  Combine Class

DGROUP				  Group
  STACK				  16  0100 Para	  Stack	  STACK
  _DATA				  16  0006 Word	  Public  DATA
_TEXT				  16  0014 Word	  Public  CODE
